// Jest Snapshot v1, https://goo.gl/fbAQLP

exports[`config 1`] = `
Object {
  "nodeEnv": "test",
}
`;
